fetched CA0001/CA0001__S2L2A__2021-04-22__B02.tif
fetched CA0001/CA0001__S2L2A__2021-04-22__B03.tif
fetched CA0001/CA0001__S2L2A__2021-04-22__B04.tif
fetched CA0001/CA0001__None__None__MASK.tif
fetched CL0001/CL0001__S2L2A__2018-02-05__B02.tif
fetched CL0001/CL0001__S2L2A__2018-02-05__B03.tif
fetched CL0001/CL0001__S2L2A__2018-02-05__B04.tif
fetched CL0001/CL0001__None__None__MASK.tif
fetched CN0001/CN0001__S2L2A__2017-08-13__B02.tif
fetched CN0001/CN0001__S2L2A__2017-08-13__B03.tif
fetched CN0001/CN0001__S2L2A__2017-08-13__B04.tif
fetched CN0001/CN0001__None__None__MASK.tif
fetched CO0001/CO0001__S2L2A__2022-07-20__B02.tif
fetched CO0001/CO0001__S2L2A__2022-07-20__B03.tif
fetched CO0001/CO0001__S2L2A__2022-07-20__B04.tif
fetched CO0001/CO0001__None__None__MASK.tif
fetched IE0001/IE0001__S2L2A__2021-07-17__B02.tif
fetched IE0001/IE0001__S2L2A__2021-07-17__B03.tif
fetched IE0001/IE0001__S2L2A__2021-07-17__B04.tif
fetched IE0001/IE0001__None__None__MASK.tif
fetched IN0002/IN0002__S2L2A__2018-09-09__B02.tif
fetched IN0002/IN0002__S2L2A__2018-09-09__B03.tif
fetched IN0002/IN0002__S2L2A__2018-09-09__B04.tif
fetched IN0002/IN0002__None__None__MASK.tif
fetched IN0004/IN0004__S2L2A__2022-09-30__B02.tif
fetched IN0004/IN0004__S2L2A__2022-09-30__B03.tif
fetched IN0004/IN0004__S2L2A__2022-09-30__B04.tif
fetched IN0004/IN0004__None__None__MASK.tif
fetched IR0001/IR0001__S2L2A__2019-03-23__B02.tif
fetched IR0001/IR0001__S2L2A__2019-03-23__B03.tif
fetched IR0001/IR0001__S2L2A__2019-03-23__B04.tif
fetched IR0001/IR0001__None__None__MASK.tif
fetched IS0001/IS0001__S2L2A__2018-07-17__B02.tif
fetched IS0001/IS0001__S2L2A__2018-07-17__B03.tif
fetched IS0001/IS0001__S2L2A__2018-07-17__B04.tif
fetched IS0001/IS0001__None__None__MASK.tif
fetched IT0001/IT0001__S2L2A__2019-02-07__B02.tif
fetched IT0001/IT0001__S2L2A__2019-02-07__B03.tif
fetched IT0001/IT0001__S2L2A__2019-02-07__B04.tif
fetched IT0001/IT0001__None__None__MASK.tif
fetched JP0001/JP0001__S2L2A__2021-08-10__B02.tif
fetched JP0001/JP0001__S2L2A__2021-08-10__B03.tif
fetched JP0001/JP0001__S2L2A__2021-08-10__B04.tif
fetched JP0001/JP0001__None__None__MASK.tif
fetched KG0001/KG0001__S2L2A__2020-09-17__B02.tif
fetched KG0001/KG0001__S2L2A__2020-09-17__B03.tif
fetched KG0001/KG0001__S2L2A__2020-09-17__B04.tif
fetched KG0001/KG0001__None__None__MASK.tif
fetched KG0002/KG0002__S2L2A__2017-06-08__B02.tif
fetched KG0002/KG0002__S2L2A__2017-06-08__B03.tif
fetched KG0002/KG0002__S2L2A__2017-06-08__B04.tif
fetched KG0002/KG0002__None__None__MASK.tif
fetched KR0001/KR0001__S2L2A__2020-08-20__B02.tif
fetched KR0001/KR0001__S2L2A__2020-08-20__B03.tif
fetched KR0001/KR0001__S2L2A__2020-08-20__B04.tif
fetched KR0001/KR0001__None__None__MASK.tif
fetched PH0003/PH0003__S2L2A__2022-04-16__B02.tif
fetched PH0003/PH0003__S2L2A__2022-04-16__B03.tif
fetched PH0003/PH0003__S2L2A__2022-04-16__B04.tif
fetched PH0003/PH0003__None__None__MASK.tif
fetched PK0001/PK0001__S2L2A__2021-07-09__B02.tif
fetched PK0001/PK0001__S2L2A__2021-07-09__B03.tif
fetched PK0001/PK0001__S2L2A__2021-07-09__B04.tif
fetched PK0001/PK0001__None__None__MASK.tif
Wrote /Users/akshay.sharma/Projects/paper-activities/studies/disaster-hrgldd-landslide/research/dataset-metadata/lrd-prospective-confirmation/development_optical_manifest.json; files=64; bytes=98533475
