fetched CA0002/CA0002__S2L2A__2019-05-26__B02.tif
fetched CA0002/CA0002__S2L2A__2019-05-26__B03.tif
fetched CA0002/CA0002__S2L2A__2019-05-26__B04.tif
fetched CA0002/CA0002__None__None__MASK.tif
fetched CN0002/CN0002__S2L2A__2020-08-28__B02.tif
fetched CN0002/CN0002__S2L2A__2020-08-28__B03.tif
fetched CN0002/CN0002__S2L2A__2020-08-28__B04.tif
fetched CN0002/CN0002__None__None__MASK.tif
fetched IR0002/IR0002__S2L2A__2018-06-17__B02.tif
fetched IR0002/IR0002__S2L2A__2018-06-17__B03.tif
fetched IR0002/IR0002__S2L2A__2018-06-17__B04.tif
fetched IR0002/IR0002__None__None__MASK.tif
fetched PH0001/PH0001__S2L2A__2022-05-16__B02.tif
fetched PH0001/PH0001__S2L2A__2022-05-16__B03.tif
fetched PH0001/PH0001__S2L2A__2022-05-16__B04.tif
fetched PH0001/PH0001__None__None__MASK.tif
fetched PH0004/PH0004__S2L2A__2022-05-16__B02.tif
fetched PH0004/PH0004__S2L2A__2022-05-16__B03.tif
fetched PH0004/PH0004__S2L2A__2022-05-16__B04.tif
fetched PH0004/PH0004__None__None__MASK.tif
fetched US0001/US0001__S2L2A__2017-05-27__B02.tif
fetched US0001/US0001__S2L2A__2017-05-27__B03.tif
fetched US0001/US0001__S2L2A__2017-05-27__B04.tif
fetched US0001/US0001__None__None__MASK.tif
Wrote /Users/akshay.sharma/Projects/paper-activities/studies/disaster-hrgldd-landslide/research/dataset-metadata/lrd-prospective-confirmation/protected_optical_manifest.json; files=24; bytes=15844274
